{
    "items": [],
    "total": 5,
    "count": 0
}
