{
    "errors": [
        {
            "message": "Validation failed.",
            "detail": "workshopDate: This value is not a valid date."
        }
    ]
}
