{
    "errors": [
        {
            "message": "Encoding failed.",
            "detail": "Syntax error"
        }
    ]
}
