{
    "errors": [
        {
            "message": "Validation failed.",
            "detail": "lastname: This value should not be blank."
        }
    ]
}
