{
    "errors": [
        {
            "message": "Validation failed.",
            "detail": "firstname: Passing values for fields \"$firstname\" and \"$lastname\" is deprecated. Pass a value for field \"$name\" instead."
        }
    ]
}
