{
    "errors": [
        {
            "message": "Validation failed.",
            "detail": "email: This value is not a valid email address."
        }
    ]
}
