{
    "items": [
        {
            "identifier": "803449f4-9a4c-4ecb-8ce4-cebc804fe70a",
            "firstname": "Jan",
            "lastname": "Sch\u00e4dlich",
            "email": "jan.schadlich@siemens.com",
            "workshops": [
                {
                    "identifier": "abba667a-96ae-4f75-9b71-97819b682e8d",
                    "title": "RESTful Webservices in Symfony",
                    "workshop_date": "2021-12-07",
                    "attendees": [
                        "Jan Sch\u00e4dlich"
                    ]
                }
            ]
        }
    ],
    "total": 1,
    "count": 1
}
